gerar: .mudarro/scripts/app-rust-workspace/build.sh
gerar: .mudarro/scripts/app-rust-workspace/down.sh
gerar: .mudarro/scripts/app-rust-workspace/logs.sh
gerar: .mudarro/scripts/app-rust-workspace/restart.sh
gerar: .mudarro/scripts/app-rust-workspace/status.sh
gerar: .mudarro/scripts/app-rust-workspace/test.sh
gerar: .mudarro/scripts/app-rust-workspace/up.sh
gerar: .mudarro/scripts/app-rust/build.sh
gerar: .mudarro/scripts/app-rust/down.sh
gerar: .mudarro/scripts/app-rust/logs.sh
gerar: .mudarro/scripts/app-rust/restart.sh
gerar: .mudarro/scripts/app-rust/status.sh
gerar: .mudarro/scripts/app-rust/test.sh
gerar: .mudarro/scripts/app-rust/up.sh
gerar: .mudarro/scripts/library-rust/build.sh
gerar: .mudarro/scripts/library-rust/down.sh
gerar: .mudarro/scripts/library-rust/logs.sh
gerar: .mudarro/scripts/library-rust/restart.sh
gerar: .mudarro/scripts/library-rust/status.sh
gerar: .mudarro/scripts/library-rust/test.sh
gerar: .mudarro/scripts/library-rust/up.sh
gerar: menu.sh
