gerar: .mudarro/scripts/app-javascript/build.sh
gerar: .mudarro/scripts/app-javascript/down.sh
gerar: .mudarro/scripts/app-javascript/install.sh
gerar: .mudarro/scripts/app-javascript/logs.sh
gerar: .mudarro/scripts/app-javascript/restart.sh
gerar: .mudarro/scripts/app-javascript/status.sh
gerar: .mudarro/scripts/app-javascript/test.sh
gerar: .mudarro/scripts/app-javascript/turbo-build.sh
gerar: .mudarro/scripts/app-javascript/turbo-fail.sh
gerar: .mudarro/scripts/app-javascript/turbo-test.sh
gerar: .mudarro/scripts/app-javascript/up.sh
gerar: .mudarro/scripts/packages-app-javascript/build.sh
gerar: .mudarro/scripts/packages-app-javascript/down.sh
gerar: .mudarro/scripts/packages-app-javascript/logs.sh
gerar: .mudarro/scripts/packages-app-javascript/restart.sh
gerar: .mudarro/scripts/packages-app-javascript/status.sh
gerar: .mudarro/scripts/packages-app-javascript/test.sh
gerar: .mudarro/scripts/packages-app-javascript/up.sh
gerar: .mudarro/scripts/packages-lib-javascript/build.sh
gerar: .mudarro/scripts/packages-lib-javascript/down.sh
gerar: .mudarro/scripts/packages-lib-javascript/logs.sh
gerar: .mudarro/scripts/packages-lib-javascript/restart.sh
gerar: .mudarro/scripts/packages-lib-javascript/status.sh
gerar: .mudarro/scripts/packages-lib-javascript/test.sh
gerar: .mudarro/scripts/packages-lib-javascript/up.sh
gerar: menu.sh
